MACRO ASSEMBLER INITIALIZATION                              12/25/120 10:12:45 PAGE     1


WIN32 MACRO ASSEMBLER A51 V6.03.08
OBJECT MODULE PLACED IN Z:\КАВО\1.6V2\INITIALIZATION.OBJ
ASSEMBLER INVOKED BY: A51.EXE Z:\КАВО\1.6V2\INITIALIZATION.ASM OJ(Z:\КАВО\1.6V2\INITIALIZATION.OBJ) PIN(C:\FSI\INC) EP LINES PR(Z:\КАВО\1.6V2\INITIALIZATION.LST) XR DB PW(80) RB(0) 

LOC     OBJ           LINE    SOURCE
                         1    PUBLIC INIT
                         2    EXTRN DATA (MODENUMBER, DELAYDURATION, TWENTYSEC, PREVSTATE3)
                         3    INI SEGMENT CODE 
                         4    
------                   5    RSEG INI
                         6    
                         7    ; Инициализация 
                         8    INIT:  
                         9    
0000    75003C   F      10    	MOV PREVSTATE3, #00111100B	
                        11    	; Установка режима и скорости 
0003    750001   F      12    	MOV MODENUMBER, #1
0006    750001   F      13    	MOV DELAYDURATION, #1
                        14    
0009    E500     F      15    	MOV A, DELAYDURATION
000B    75F00A          16    	MOV B, #10
000E    A4              17    	MUL AB
000F    F8              18    	MOV R0, A
                        19    	
                        20    	; Установка 20с ожидания нажатий
0010    750007   F      21    	MOV TWENTYSEC, #07H
0013    7500D0   F      22    	MOV TWENTYSEC + 1, #0D0H 
                        23    		
0016    D2AF            24    	SETB IE.7 ; Разрешение прерываний
                        25    	; 10 мс таймеров
0018    758DD8          26    	MOV TH1, #0D8H
001B    758BF0          27    	MOV TL1, #0F0H
001E    758CD8          28    	MOV TH0, #0D8H
0021    758AF0          29    	MOV TL0, #0F0H
0024    D2AB            30    	SETB ET1 ; Разрешение прерываний от таймера 1
0026    D2A9            31    	SETB ET0
0028    758911          32    	MOV TMOD, #00010001B ; Настройка таймеров 16 бит 
                        33    	; Запуск таймеров
002B    D28E            34    	SETB TR1
                        35    
002D    22              36    RET
                        37    	
                        38    
                        39     
                        40    
                        41    
                        42    
                        43    
                        44    
                        45    
                        46    
                        47    
                        48    
                        49    
                        50    
                        51    
                        52    
                        53    
                        54    
                        55    
                        56    
                        57    
                        58    
                        59    
                        60    
                        61    
                        62    
                        63    
                        64    
                        65    
                        66    
                        67    
                        68    
                        69    
                        70    
                        71    
                        72    
                        73    
                        74    
                        75    
                        76    
                        77    
                        78    
                        79    
                        80    
                        81    
                        82    
                        83    
                        84    
                        85    
                        86    
                        87    
                        88    
                        89    
                        90    
                        91    
                        92    
                        93    
                        94    
                        95    
                        96    
                        97    
                        98    
                        99    
                       100    
                       101    
                       102    
                       103    
                       104    
                       105    
                       106    
                       107    
                       108    
                       109    
                       110    
                       111    
                       112    
                       113    
                       114    
                       115    
                       116    
                       117    
                       118    
                       119    
                       120    
                       121    
                       122    
                       123    
                       124    
                       125    
                       126    
                       127    
                       128    
                       129    
                       130    
                       131    
                       132    
                       133    
                       134    
                       135    
                       136    
                       137    
                       138    
                       139    
                       140    
                       141    
                       142    
                       143    
                       144    
                       145    
                       146    
                       147    
                       148    
                       149    
                       150    
                       151    
                       152    
                       153    
                       154    
                       155    
                       156    
                       157    
                       158    
                       159    
                       160    
                       161    
                       162    
                       163    
                       164    
                       165    
                       166    
                       167    
                       168    
                       169    
                       170    
                       171    
                       172    
                       173    
                       174    
                       175    
                       176    
                       177    
                       178    
                       179    
                       180    
                       181    
                       182    
                       183    
                       184    
                       185    
                       186    
                       187    
                       188    
                       189    
                       190    
                       191    
                       192    
                       193    
                       194    
                       195    
                       196    
                       197    
                       198    
                       199    
                       200    
                       201    
                       202    
                       203    
                       204    
                       205    
                       206    
                       207    
                       208    
                       209    
                       210    
                       211    
                       212    
                       213    
                       214    
                       215    
                       216    
                       217    
                       218    
                       219    
                       220    
                       221    
                       222    
                       223    
                       224    
                       225    
                       226    
                       227    
                       228    
                       229    
                       230    
                       231    
                       232    
                       233    
                       234    
                       235    
                       236    
                       237    
                       238    
                       239    
                       240    
                       241    
                       242    
                       243    
                       244    
                       245    
                       246    
                       247    
                       248    
                       249    
                       250    
                       251    
                       252    
                       253    
                       254    
                       255    
                       256    
                       257    
                       258    
                       259    
                       260    
                       261    
                       262    
                       263    
                       264    
                       265    
                       266    
                       267    
                       268    
                       269    
                       270    
                       271    
                       272    
                       273    
                       274    
                       275    
                       276    
                       277    
                       278    
                       279    
                       280    
                       281    
                       282    

*** WARNING #87 IN LINE 282 OF initialization.asm : MISSING 'END' STATEMENT
MACRO ASSEMBLER INITIALIZATION                              12/25/120 10:12:45 PAGE     2


SYMBOL TABLE LISTING
------ ----- -------


N A M E             T Y P E  V A L U E   ATTRIBUTES             REFERENCES

INI. . . . . . . .  C SEG    002EH      REL=UNIT                5# 
B. . . . . . . . .  D ADDR   00F0H   A                          16 
TWENTYSEC. . . . .  D ADDR   -----      EXT                     2# 21 22 
ET0. . . . . . . .  B ADDR   00A8H.1 A                          31 
ET1. . . . . . . .  B ADDR   00A8H.3 A                          30 
TH0. . . . . . . .  D ADDR   008CH   A                          28 
TH1. . . . . . . .  D ADDR   008DH   A                          26 
MODENUMBER . . . .  D ADDR   -----      EXT                     2# 12 
IE . . . . . . . .  D ADDR   00A8H   A                          24 
TL0. . . . . . . .  D ADDR   008AH   A                          29 
PREVSTATE3 . . . .  D ADDR   -----      EXT                     2# 10 
TL1. . . . . . . .  D ADDR   008BH   A                          27 
INIT . . . . . . .  C ADDR   0000H   R  SEG=INI                 1 8# 
TMOD . . . . . . .  D ADDR   0089H   A                          32 
DELAYDURATION. . .  D ADDR   -----      EXT                     2# 13 15 
TR1. . . . . . . .  B ADDR   0088H.6 A                          34 



MODULE INFORMATION:   STATIC OVERLAYABLE
   CODE SIZE        =     46    ----
   XDATA SIZE       =   ----    ----
   DATA SIZE        =   ----    ----
   IDATA SIZE       =   ----    ----
   BIT SIZE         =   ----    ----
END OF MODULE INFORMATION.


REGISTER BANK(S) USED : 0 

ASSEMBLY COMPLETE.   1 WARNING(S)   0 ERROR(S)
