MACRO ASSEMBLER INTERRUPTSHANDLERS                          12/25/120 10:12:46 PAGE     1


WIN32 MACRO ASSEMBLER A51 V6.03.08
OBJECT MODULE PLACED IN Z:\КАВО\1.6V2\INTERRUPTSHANDLERS.OBJ
ASSEMBLER INVOKED BY: A51.EXE Z:\КАВО\1.6V2\INTERRUPTSHANDLERS.ASM OJ(Z:\КАВО\1.6V2\INTERRUPTSHANDLERS.OBJ) PIN(C:\FSI\INC) EP LINES PR(Z:\КАВО\1.6V2\INTERRUPTSHANDLERS.LST) XR DB PW(80) RB(0) 

LOC     OBJ           LINE    SOURCE
                         1    PUBLIC T0HANDLER, T1HANDLER
                         2    EXTRN DATA (MODENUMBER, DELAYDURATION, TWENTYSEC, PROGDELAYDURATION, GREENCOUNTER, GREENDURATION, TEMP)
                         3    EXTRN BIT (ALLOWCHANGEFRAME, MODEWASCHANGED)
                         4    INTHNDLRS SEGMENT CODE
                         5    
------                   6    RSEG INTHNDLRS
                         7    
                         8    T0HANDLER:  
0000    F500     F       9    	MOV TEMP, A
0002    D5000B   F      10    	DJNZ PROGDELAYDURATION, RESETTIMER0
0005    1500     F      11    	DEC GREENCOUNTER
0007    E500     F      12    	MOV A, GREENCOUNTER
0009    600E            13    	JZ STOPTIMER0
000B    B2B7            14    	CPL P3.7
000D    850000   F      15    	MOV PROGDELAYDURATION, GREENDURATION
                        16    RESETTIMER0:  
0010    758CD8          17     	MOV TH0, #0D8H
0013    758AF0          18    	MOV TL0, #0F0H
0016    E500     F      19    	MOV A, TEMP
0018    32              20    RETI
                        21    STOPTIMER0:  
0019    C28C            22     	CLR TR0
001B    E500     F      23     	MOV A, TEMP		
001D    32              24    RETI
                        25    
                        26    T1HANDLER:  
001E    F500     F      27    	MOV TEMP, A
0020    D809            28    	DJNZ R0, NEXT
0022    D200     F      29    	SETB ALLOWCHANGEFRAME ; Установка фалга разрешения смены кадра 
0024    E500     F      30    	MOV A, DELAYDURATION
0026    75F00A          31    	MOV B, #10
0029    A4              32    	MUL AB
002A    F8              33    	MOV R0, A
                        34    NEXT:  
002B    C3              35    	CLR C
002C    E500     F      36    	MOV A, TWENTYSEC + 1
002E    9401            37    	SUBB A, #1
0030    F500     F      38    	MOV TWENTYSEC + 1, A
0032    E500     F      39    	MOV A, TWENTYSEC
0034    9400            40    	SUBB A, #0
0036    F500     F      41    	MOV TWENTYSEC, A
0038    A900     F      42    	MOV R1, TWENTYSEC + 1
003A    AA00     F      43    	MOV R2, TWENTYSEC 
003C    B9001A          44    	CJNE R1, #0, RESETTIMER1
003F    BA0017          45    	CJNE R2, #0, RESETTIMER1
                        46    	
0042    A900     F      47    	MOV R1, MODENUMBER
0044    B91008          48    	CJNE R1, #16, MODINC
0047    750001   F      49    	MOV MODENUMBER, #1
004A    D200     F      50    	SETB MODEWASCHANGED
004C    020000   F      51    	JMP RESETT1
                        52    MODINC:  
004F    0500     F      53      	INC MODENUMBER
0051    D200     F      54      	SETB MODEWASCHANGED
                        55      	
                        56    RESETT1:  
0053    75000B   F      57    	MOV TWENTYSEC, #0BH
0056    7500B8   F      58    	MOV TWENTYSEC + 1, #0B8H
                        59    RESETTIMER1:  
0059    758DD8          60     	MOV TH1, #0D8H
005C    758BF0          61    	MOV TL1, #0F0H
005F    E500     F      62    	MOV A, TEMP
0061    32              63    RETI		
                        64    	  	
                        65     	 	 
                        66    	
                        67    	
                        68    
                        69    	
                        70    
                        71    
                        72    
                        73    
                        74    
                        75    
                        76    
                        77    
                        78    
                        79    
                        80    
                        81    
                        82    
                        83    
                        84    
                        85    
                        86    
                        87    
                        88    
                        89    
                        90    
                        91    
                        92    
                        93    
                        94    
                        95    
                        96    
                        97    
                        98    
                        99    
                       100    
                       101    
                       102    
                       103    
                       104    
                       105    
                       106    
                       107    
                       108    
                       109    
                       110    
                       111    
                       112    
                       113    
                       114    
                       115    
                       116    
                       117    
                       118    
                       119    
                       120    
                       121    
                       122    
                       123    
                       124    
                       125    
                       126    
                       127    
                       128    
                       129    
                       130    
                       131    
                       132    
                       133    
                       134    
                       135    
                       136    
                       137    
                       138    
                       139    
                       140    
                       141    
                       142    
                       143    
                       144    
                       145    
                       146    
                       147    
                       148    
                       149    
                       150    
                       151    
                       152    
                       153    
                       154    
                       155    
                       156    
                       157    
                       158    
                       159    
                       160    
                       161    
                       162    
                       163    
                       164    
                       165    
                       166    
                       167    
                       168    
                       169    
                       170    
                       171    
                       172    
                       173    
                       174    
                       175    
                       176    
                       177    
                       178    
                       179    
                       180    
                       181    
                       182    
                       183    
                       184    
                       185    
                       186    
                       187    
                       188    
                       189    
                       190    
                       191    
                       192    
                       193    
                       194    
                       195    
                       196    
                       197    
                       198    
                       199    
                       200    
                       201    
                       202    
                       203    
                       204    
                       205    
                       206    
                       207    
                       208    
                       209    
                       210    
                       211    
                       212    
                       213    
                       214    
                       215    
                       216    
                       217    
                       218    
                       219    
                       220    
                       221    
                       222    
                       223    
                       224    
                       225    
                       226    
                       227    
                       228    
                       229    
                       230    
                       231    
                       232    
                       233    
                       234    
                       235    
                       236    
                       237    
                       238    
                       239    
                       240    
                       241    
                       242    
                       243    
                       244    
                       245    
                       246    
                       247    
                       248    
                       249    
                       250    
                       251    
                       252    
                       253    
                       254    
                       255    
                       256    
                       257    
                       258    
                       259    
                       260    
                       261    
                       262    
                       263    
                       264    
                       265    
                       266    
                       267    
                       268    
                       269    
                       270    
                       271    
                       272    
                       273    
                       274    
                       275    
                       276    
                       277    
                       278    
                       279    
                       280    
                       281    
                       282    
                       283    
                       284    
                       285    
                       286    
                       287    

*** WARNING #87 IN LINE 287 OF interruptshandlers.asm : MISSING 'END' STATEMENT
MACRO ASSEMBLER INTERRUPTSHANDLERS                          12/25/120 10:12:46 PAGE     2


SYMBOL TABLE LISTING
------ ----- -------


N A M E             T Y P E  V A L U E   ATTRIBUTES             REFERENCES

T0HANDLER. . . . .  C ADDR   0000H   R  SEG=INTHNDLRS           1 8# 
B. . . . . . . . .  D ADDR   00F0H   A                          31 
T1HANDLER. . . . .  C ADDR   001EH   R  SEG=INTHNDLRS           1 26# 
P3 . . . . . . . .  D ADDR   00B0H   A                          14 
TWENTYSEC. . . . .  D ADDR   -----      EXT                     2# 36 38 39 41 42 
                                                                43 57 58 
RESETT1. . . . . .  C ADDR   0053H   R  SEG=INTHNDLRS           51 56# 
TH0. . . . . . . .  D ADDR   008CH   A                          17 
PROGDELAYDURATION.  D ADDR   -----      EXT                     2# 10 15 
TH1. . . . . . . .  D ADDR   008DH   A                          60 
MODENUMBER . . . .  D ADDR   -----      EXT                     2# 47 49 53 
ALLOWCHANGEFRAME .  B ADDR   -----      EXT                     3# 29 
TL0. . . . . . . .  D ADDR   008AH   A                          18 
GREENCOUNTER . . .  D ADDR   -----      EXT                     2# 11 12 
TL1. . . . . . . .  D ADDR   008BH   A                          61 
RESETTIMER0. . . .  C ADDR   0010H   R  SEG=INTHNDLRS           10 16# 
RESETTIMER1. . . .  C ADDR   0059H   R  SEG=INTHNDLRS           44 45 59# 
DELAYDURATION. . .  D ADDR   -----      EXT                     2# 30 
INTHNDLRS. . . . .  C SEG    0062H      REL=UNIT                6# 
TEMP . . . . . . .  D ADDR   -----      EXT                     2# 9 19 23 27 62 
                                                                
TR0. . . . . . . .  B ADDR   0088H.4 A                          22 
STOPTIMER0 . . . .  C ADDR   0019H   R  SEG=INTHNDLRS           13 21# 
GREENDURATION. . .  D ADDR   -----      EXT                     2# 15 
MODINC . . . . . .  C ADDR   004FH   R  SEG=INTHNDLRS           48 52# 
MODEWASCHANGED . .  B ADDR   -----      EXT                     3# 50 54 
NEXT . . . . . . .  C ADDR   002BH   R  SEG=INTHNDLRS           28 34# 



MODULE INFORMATION:   STATIC OVERLAYABLE
   CODE SIZE        =     98    ----
   XDATA SIZE       =   ----    ----
   DATA SIZE        =   ----    ----
   IDATA SIZE       =   ----    ----
   BIT SIZE         =   ----    ----
END OF MODULE INFORMATION.


REGISTER BANK(S) USED : 0 

ASSEMBLY COMPLETE.   1 WARNING(S)   0 ERROR(S)
