MACRO ASSEMBLER DELAY_5                                     01/11/123 07:19:31 PAGE     1


WIN32 MACRO ASSEMBLER A51 V6.03.08
OBJECT MODULE PLACED IN C:\LAPTEV\LAB1\DELAY_5.OBJ
ASSEMBLER INVOKED BY: A51.EXE C:\LAPTEV\LAB1\DELAY_5.ASM OJ(C:\LAPTEV\LAB1\DELAY_5.OBJ) PIN(C:\FSI\INC) EP LINES PR(C:\LAPTEV\LAB1\DELAY_5.LST) XR DB PW(80) RB(0) 

LOC     OBJ           LINE    SOURCE
                         1    NAME ZADERJKA
                         2    PUBLIC	ZADERJKA
                         3    ZADERJKA SEGMENT CODE
------                   4    RSEG ZADERJKA
                         5    	;MOV R3,  #033H 
                         6    	;MOV TH1, #0A5H
                         7    	;MOV TL1, #0H				
                         8    	;SETB IE.7					
                         9    	;SETB ET1					
                        10    ;	SETB PT1		
                        11    ;	MOV TMOD, #00010000B		
                        12    ;	SETB TR1						
0000    14              13    DEC A
                        14    
0001    22              15    RET
                        16    END
MACRO ASSEMBLER DELAY_5                                     01/11/123 07:19:31 PAGE     2


SYMBOL TABLE LISTING
------ ----- -------


N A M E             T Y P E  V A L U E   ATTRIBUTES             REFERENCES

ZADERJKA . . . . .  C SEG    0002H      REL=UNIT                2 4# 



MODULE INFORMATION:   STATIC OVERLAYABLE
   CODE SIZE        =      2    ----
   XDATA SIZE       =   ----    ----
   DATA SIZE        =   ----    ----
   IDATA SIZE       =   ----    ----
   BIT SIZE         =   ----    ----
END OF MODULE INFORMATION.


REGISTER BANK(S) USED : 0 

ASSEMBLY COMPLETE.   0 WARNING(S)   0 ERROR(S)
