MACRO ASSEMBLER LAB1_1                                      12/14/122 11:26:27 PAGE     1


WIN32 MACRO ASSEMBLER A51 V6.03.08
OBJECT MODULE PLACED IN C:\LAPTEV\LAB1\LAB1_1.OBJ
ASSEMBLER INVOKED BY: A51.EXE C:\LAPTEV\LAB1\LAB1_1.ASM OJ(C:\LAPTEV\LAB1\LAB1_1.OBJ) PIN(C:\FSI\INC) EP LINES PR(C:\LAPTEV\LAB1\LAB1_1.LST) XR DB PW(80) RB(0) 

LOC     OBJ           LINE    SOURCE
                         1    NAME LAB1
                         2    
                         3    MAIN SEGMENT CODE
------                   4    CSEG AT 0
                         5    
0000    020000   F       6    LJMP START
                         7    USING 0
------                   8    RSEG MAIN
                         9    
                        10    START:  
                        11    
0000    900000          12    MOV DPTR, #0
0003    E0              13    MOVX A, @DPTR
0004    9405            14    SUBB A, #5
0006    7801            15    MOV R0, #01H
0008    F6              16    MOV @R0, A
0009    E4              17    CLR A
                        18    
000A    3400            19    ADDC A, #0
000C    7800            20    MOV R0, #00H
000E    F6              21    MOV @R0, A
                        22    
000F    020000   F      23    LJMP START
                        24      
                        25    END 
MACRO ASSEMBLER LAB1_1                                      12/14/122 11:26:27 PAGE     2


SYMBOL TABLE LISTING
------ ----- -------


N A M E             T Y P E  V A L U E   ATTRIBUTES             REFERENCES

MAIN . . . . . . .  C SEG    0012H      REL=UNIT                8# 
START. . . . . . .  C ADDR   0000H   R  SEG=MAIN                6 10# 23 
LAB1 . . . . . . .  N NUMB   -----



MODULE INFORMATION:   STATIC OVERLAYABLE
   CODE SIZE        =     21    ----
   XDATA SIZE       =   ----    ----
   DATA SIZE        =   ----    ----
   IDATA SIZE       =   ----    ----
   BIT SIZE         =   ----    ----
END OF MODULE INFORMATION.


REGISTER BANK(S) USED : 0 

ASSEMBLY COMPLETE.   0 WARNING(S)   0 ERROR(S)
