MACRO ASSEMBLER LAB1_3                                      12/22/122 15:21:34 PAGE     1


WIN32 MACRO ASSEMBLER A51 V6.03.08
OBJECT MODULE PLACED IN C:\LAPTEV\LAB1\LAB1_3.OBJ
ASSEMBLER INVOKED BY: A51.EXE C:\LAPTEV\LAB1\LAB1_3.ASM OJ(C:\LAPTEV\LAB1\LAB1_3.OBJ) PIN(C:\FSI\INC) EP LINES PR(C:\LAPTEV\LAB1\LAB1_3.LST) XR DB PW(80) RB(0) 

LOC     OBJ           LINE    SOURCE
                         1    NAME MAIN_CODE
                         2    EXTRN CODE (DELAY)
                         3    MAIN SEGMENT CODE
------                   4    CSEG AT 0
0000    020000   F       5    JMP START
                         6    PROG SEGMENT CODE
                         7    CONST SEGMENT CODE
                         8    STACK SEGMENT IDATA
------                   9    RSEG STACK
0000                    10    	DS 10H; 16 BYTES STACK
------                  11    	CSEG AT 0
                        12    	USING 0; REGISTER-BANK 0BITVAR SEGMENT BIT
------                  13    RSEG PROG
                        14    
                        15    START:  
0000    792C            16    MOV R1, #02CH
0002    7A51            17    MOV R2, #051H
0004    7BFF            18    MOV R3, #0FFH
                        19    
0006    120000   F      20    CALL DELAY
                        21    
0009    020000   F      22    JMP START
                        23    END 
MACRO ASSEMBLER LAB1_3                                      12/22/122 15:21:34 PAGE     2


SYMBOL TABLE LISTING
------ ----- -------


N A M E             T Y P E  V A L U E   ATTRIBUTES             REFERENCES

START. . . . . . .  C ADDR   0000H   R  SEG=PROG                5 15# 22 
DELAY. . . . . . .  C ADDR   -----      EXT                     2# 20 
STACK. . . . . . .  I SEG    0010H      REL=UNIT                9# 
PROG . . . . . . .  C SEG    000CH      REL=UNIT                13# 
MAIN_CODE. . . . .  N NUMB   -----



MODULE INFORMATION:   STATIC OVERLAYABLE
   CODE SIZE        =     15    ----
   XDATA SIZE       =   ----    ----
   DATA SIZE        =   ----    ----
   IDATA SIZE       =     16    ----
   BIT SIZE         =   ----    ----
END OF MODULE INFORMATION.


REGISTER BANK(S) USED : 0 

ASSEMBLY COMPLETE.   0 WARNING(S)   0 ERROR(S)
