MACRO ASSEMBLER OSNOVNOI5                                   01/11/123 07:19:31 PAGE     1


WIN32 MACRO ASSEMBLER A51 V6.03.08
OBJECT MODULE PLACED IN C:\LAPTEV\LAB1\OSNOVNOI5.OBJ
ASSEMBLER INVOKED BY: A51.EXE C:\LAPTEV\LAB1\OSNOVNOI5.ASM OJ(C:\LAPTEV\LAB1\OSNOVNOI5.OBJ) PIN(C:\FSI\INC) EP LINES PR(C:\LAPTEV\LAB1\OSNOVNOI5.LST) XR DB PW(80) RB(0) 

LOC     OBJ           LINE    SOURCE
                         1    NAME LAB1_5    
                         2    EXTRN CODE (ZADERJKA)
                         3    MAIN SEGMENT CODE
------                   4    CSEG AT 0
0000    120000   F       5    CALL START
------                   6    CSEG AT 001BH
001B    020000   F       7    JMP LOOP1
                         8    USING 0
                         9    ; Основная программа
------                  10    RSEG MAIN
                        11    LOOP1:  
0000    120000   F      12    CALL ZADERJKA
0003    758C3C          13    MOV TH0, #03CH
0006    758AC0          14    MOV TL0, #0C0H	 
0009    32              15    RETI
                        16    START:  
000A    7432            17    	MOV A, #032H 
000C    758DA2          18    	MOV TH1, #0A2H
000F    758BFF          19    	MOV TL1, #0FFH				; Устанавливаем время по формуле.
                        20    	
0012    D2AF            21    	SETB IE.7					; Разрешаем прерывания
0014    D2AB            22    	SETB ET1					; Разрешаем прерывание от TIMER 0
                        23    	
0016    D2BB            24    	SETB PT1		; Ставим прерыванию от TIMER 0 наивысший приоритет
0018    758910          25    	MOV TMOD, #00010000B		; TIMER 0: режим 1 (16-битный таймер)
001B    D28E            26    	SETB TR1						; Запускаем таймер
                        27    ;RET
                        28    ;=====ОСновная программа
                        29    OSNPROG:   			;Выполнение основной программы во время задержки
001D    B500FD          30    CJNE A,0,OSNPROG
0020    E501            31    MOV A,1
                        32    END 
MACRO ASSEMBLER OSNOVNOI5                                   01/11/123 07:19:31 PAGE     2


SYMBOL TABLE LISTING
------ ----- -------


N A M E             T Y P E  V A L U E   ATTRIBUTES             REFERENCES

MAIN . . . . . . .  C SEG    0022H      REL=UNIT                10# 
OSNPROG. . . . . .  C ADDR   001DH   R  SEG=MAIN                29# 30 
ET1. . . . . . . .  B ADDR   00A8H.3 A                          22 
LOOP1. . . . . . .  C ADDR   0000H   R  SEG=MAIN                7 11# 
ZADERJKA . . . . .  C ADDR   -----      EXT                     2# 12 
TH0. . . . . . . .  D ADDR   008CH   A                          13 
TH1. . . . . . . .  D ADDR   008DH   A                          18 
START. . . . . . .  C ADDR   000AH   R  SEG=MAIN                5 16# 
IE . . . . . . . .  D ADDR   00A8H   A                          21 
TL0. . . . . . . .  D ADDR   008AH   A                          14 
TL1. . . . . . . .  D ADDR   008BH   A                          19 
TMOD . . . . . . .  D ADDR   0089H   A                          25 
PT1. . . . . . . .  B ADDR   00B8H.3 A                          24 
TR1. . . . . . . .  B ADDR   0088H.6 A                          26 
LAB1_5 . . . . . .  N NUMB   -----



MODULE INFORMATION:   STATIC OVERLAYABLE
   CODE SIZE        =     40    ----
   XDATA SIZE       =   ----    ----
   DATA SIZE        =   ----    ----
   IDATA SIZE       =   ----    ----
   BIT SIZE         =   ----    ----
END OF MODULE INFORMATION.


REGISTER BANK(S) USED : 0 

ASSEMBLY COMPLETE.   0 WARNING(S)   0 ERROR(S)
