MACRO ASSEMBLER OUTPUT_UART                                 12/20/122 17:32:41 PAGE     1


WIN32 MACRO ASSEMBLER A51 V6.03.08
OBJECT MODULE PLACED IN C:\LAPTEV\LAB1\OUTPUT_UART.OBJ
ASSEMBLER INVOKED BY: A51.EXE C:\LAPTEV\LAB1\OUTPUT_UART.ASM OJ(C:\LAPTEV\LAB1\OUTPUT_UART.OBJ) PIN(C:\FSI\INC) EP LINES PR(C:\LAPTEV\LAB1\OUTPUT_UART.LST) XR DB PW(80) RB(0) 

LOC     OBJ           LINE    SOURCE
                         1    NAME OUTPUT_UART
                         2    PUBLIC OUTPUT
                         3    OUTPUT_UART_ROUTINES SEGMENT CODE
------                   4    RSEG OUTPUT_UART_ROUTINES
                         5    
0000    020000   F       6    JMP OUTPUT
                         7    
                         8    OUTPUT:  
                         9    ; †„…Œ, ŽŠ€ ŽŸ‚ˆ’‘Ÿ ”‹€ƒ …›‚€ˆŸ ……„€’—ˆŠ€
0003    3099FD          10    JNB TI, $
                        11    ; Ž—ˆ™€…Œ ”‹€ƒ …›‚€ˆŸ ……„€’—ˆŠ€
0006    C299            12    CLR TI
                        13    ; Ž’€‚‹Ÿ…Œ €‰’ ‚ “”… ……„€’—ˆŠ€
0008    F599            14    MOV SBUF, A
000A    7400            15    MOV A, #0
                        16    
000C    22              17    RET
                        18    END 
MACRO ASSEMBLER OUTPUT_UART                                 12/20/122 17:32:41 PAGE     2


SYMBOL TABLE LISTING
------ ----- -------


N A M E             T Y P E  V A L U E   ATTRIBUTES             REFERENCES

OUTPUT_UART_ROUTI~  C SEG    000DH      REL=UNIT                4# 
SBUF . . . . . . .  D ADDR   0099H   A                          14 
OUTPUT . . . . . .  C ADDR   0003H   R  SEG=OUTPUT_UART_ROUTI~  2 6 8# 
TI . . . . . . . .  B ADDR   0098H.1 A                          10 12 24 
OUTPUT_UART. . . .  N NUMB   -----



MODULE INFORMATION:   STATIC OVERLAYABLE
   CODE SIZE        =     13    ----
   XDATA SIZE       =   ----    ----
   DATA SIZE        =   ----    ----
   IDATA SIZE       =   ----    ----
   BIT SIZE         =   ----    ----
END OF MODULE INFORMATION.


REGISTER BANK(S) USED : 0 

ASSEMBLY COMPLETE.   0 WARNING(S)   0 ERROR(S)
