MACRO ASSEMBLER PARAMS                                      12/20/122 17:32:41 PAGE     1


WIN32 MACRO ASSEMBLER A51 V6.03.08
OBJECT MODULE PLACED IN C:\LAPTEV\LAB1\PARAMS.OBJ
ASSEMBLER INVOKED BY: A51.EXE C:\LAPTEV\LAB1\PARAMS.ASM OJ(C:\LAPTEV\LAB1\PARAMS.OBJ) PIN(C:\FSI\INC) EP LINES PR(C:\LAPTEV\LAB1\PARAMS.LST) XR DB PW(80) RB(0) 

LOC     OBJ           LINE    SOURCE
                         1    NAME PARAMS
                         2    PUBLIC A_BYTE_1, A_BYTE_2, A_BYTE_3, FIRST_BYTE_ADDRESS, SECOND_BYTE_ADDRESS, THIRD_BYTE_ADDRESS, FIRST_MULT_RESULT_1, FIRST_MULT_RESULT_2, FIRST_MULT_RESULT_3, SECOND_MULT_RESULT_1, SECOND_MULT_RESULT_2, SECOND_MULT_RESULT_3, THIRD_MULT_RESULT_1, THIRD_MULT_RESULT_2, THIRD_MULT_RESULT_3, SUMM_1, SUMM_2, SUMM_3, SUMM_4, SUMM_5, SUMM_6
                         3    BITVAR	SEGMENT	DATA
------                   4    RSEG  BITVAR
                         5    
  0000                   6    A_BYTE_1 EQU 00H
  0001                   7    A_BYTE_2 EQU A_BYTE_1 + 1
  0002                   8    A_BYTE_3 EQU A_BYTE_2 + 1
                         9    
  000D                  10    FIRST_BYTE_ADDRESS EQU 0DH
  000E                  11    SECOND_BYTE_ADDRESS EQU FIRST_BYTE_ADDRESS + 1
  000F                  12    THIRD_BYTE_ADDRESS EQU SECOND_BYTE_ADDRESS + 1
                        13    
  0015                  14    FIRST_MULT_RESULT_1 EQU 15H
  0016                  15    FIRST_MULT_RESULT_2 EQU FIRST_MULT_RESULT_1 + 1
  0017                  16    FIRST_MULT_RESULT_3 EQU FIRST_MULT_RESULT_2 + 1
                        17    
  001C                  18    SECOND_MULT_RESULT_1 EQU 1CH
  001D                  19    SECOND_MULT_RESULT_2 EQU SECOND_MULT_RESULT_1 + 1
  001E                  20    SECOND_MULT_RESULT_3 EQU SECOND_MULT_RESULT_2 + 1
                        21    
  0023                  22    THIRD_MULT_RESULT_1 EQU 23H
  0024                  23    THIRD_MULT_RESULT_2 EQU THIRD_MULT_RESULT_1 + 1
  0025                  24    THIRD_MULT_RESULT_3 EQU THIRD_MULT_RESULT_2 + 1
                        25    
  002A                  26    SUMM_1 EQU 2AH
  002B                  27    SUMM_2 EQU SUMM_1 + 1
  002C                  28    SUMM_3 EQU SUMM_2 + 1
  002D                  29    SUMM_4 EQU SUMM_3 + 1
  002E                  30    SUMM_5 EQU SUMM_4 + 1
  002F                  31    SUMM_6 EQU SUMM_5 + 1
                        32    
                        33    END
MACRO ASSEMBLER PARAMS                                      12/20/122 17:32:41 PAGE     2


SYMBOL TABLE LISTING
------ ----- -------


N A M E             T Y P E  V A L U E   ATTRIBUTES             REFERENCES

FIRST_BYTE_ADDRESS  N NUMB   000Dh                              2 10# 11 
A_BYTE_1 . . . . .  N NUMB   0000h                              2 6# 7 
A_BYTE_2 . . . . .  N NUMB   0001h                              2 7# 8 
A_BYTE_3 . . . . .  N NUMB   0002h                              2 8# 
BITVAR . . . . . .  D SEG    0000H      REL=UNIT                4# 
THIRD_MULT_RESULT~  N NUMB   0023h                              2 22# 23 
THIRD_MULT_RESULT~  N NUMB   0024h                              2 23# 24 
SECOND_MULT_RESUL~  N NUMB   001Ch                              2 18# 19 
THIRD_MULT_RESULT~  N NUMB   0025h                              2 24# 
SECOND_MULT_RESUL~  N NUMB   001Dh                              2 19# 20 
SECOND_MULT_RESUL~  N NUMB   001Eh                              2 20# 
SUMM_1 . . . . . .  N NUMB   002Ah                              2 26# 27 
SUMM_2 . . . . . .  N NUMB   002Bh                              2 27# 28 
THIRD_BYTE_ADDRESS  N NUMB   000Fh                              2 12# 
SUMM_3 . . . . . .  N NUMB   002Ch                              2 28# 29 
SECOND_BYTE_ADDRE~  N NUMB   000Eh                              2 11# 12 
SUMM_4 . . . . . .  N NUMB   002Dh                              2 29# 30 
SUMM_5 . . . . . .  N NUMB   002Eh                              2 30# 31 
SUMM_6 . . . . . .  N NUMB   002Fh                              2 31# 
FIRST_MULT_RESULT~  N NUMB   0015h                              2 14# 15 
FIRST_MULT_RESULT~  N NUMB   0016h                              2 15# 16 
FIRST_MULT_RESULT~  N NUMB   0017h                              2 16# 
PARAMS . . . . . .  N NUMB   -----



MODULE INFORMATION:   STATIC OVERLAYABLE
   CODE SIZE        =   ----    ----
   XDATA SIZE       =   ----    ----
   DATA SIZE        =   ----    ----
   IDATA SIZE       =   ----    ----
   BIT SIZE         =   ----    ----
END OF MODULE INFORMATION.


REGISTER BANK(S) USED : 0 

ASSEMBLY COMPLETE.   0 WARNING(S)   0 ERROR(S)
