MACRO ASSEMBLER SUMMATION                                   12/20/122 17:32:41 PAGE     1


WIN32 MACRO ASSEMBLER A51 V6.03.08
OBJECT MODULE PLACED IN C:\LAPTEV\LAB1\SUMMATION.OBJ
ASSEMBLER INVOKED BY: A51.EXE C:\LAPTEV\LAB1\SUMMATION.ASM OJ(C:\LAPTEV\LAB1\SUMMATION.OBJ) PIN(C:\FSI\INC) EP LINES PR(C:\LAPTEV\LAB1\SUMMATION.LST) XR DB PW(80) RB(0) 

LOC     OBJ           LINE    SOURCE
                         1    NAME SUMMATION
                         2    PUBLIC SUMM
                         3    EXTERN DATA (FIRST_MULT_RESULT_1, FIRST_MULT_RESULT_2, FIRST_MULT_RESULT_3, SECOND_MULT_RESULT_1, SECOND_MULT_RESULT_2, SECOND_MULT_RESULT_3, THIRD_MULT_RESULT_1, THIRD_MULT_RESULT_2, THIRD_MULT_RESULT_3, SUMM_1, SUMM_2, SUMM_3, SUMM_4, SUMM_5, SUMM_6) 
                         4    SUMMATION_ROUTINES SEGMENT CODE
------                   5    RSEG SUMMATION_ROUTINES
0000    020000   F       6    JMP SUMM 
                         7    
                         8    SUMM:  
                         9    ;— À¿ƒ€¬¿≈Ã ÃÀ¿ƒÿ»… –¿«–ﬂƒ ◊»—À¿
0003    7800     F      10    MOV R0, #FIRST_MULT_RESULT_3
0005    E6              11    MOV A, @R0
0006    7800     F      12    MOV R0, #SUMM_6
0008    F6              13    MOV @R0, A
                        14    
                        15    ;— À¿ƒ€¬¿≈Ã ¬“Œ–Œ… –¿«–¿ﬂƒ ◊»—À¿
0009    7800     F      16    MOV R0, #FIRST_MULT_RESULT_2
000B    E6              17    MOV A, @R0
000C    7800     F      18    MOV R0, #SECOND_MULT_RESULT_3
000E    36              19    ADDC A, @R0
000F    7800     F      20    MOV R0, #SUMM_5
0011    F6              21    MOV @R0, A
0012    7400            22    MOV A, #0
0014    3400            23    ADDC A, #0
0016    7800     F      24    MOV R0, #SUMM_4
0018    F6              25    MOV @R0, A
                        26    
                        27    ;— À¿ƒ€¬¿≈Ã “–≈“»… –¿«–ﬂƒ ◊»—À¿
0019    7800     F      28    MOV R0, #FIRST_MULT_RESULT_1
001B    E6              29    MOV A, @R0
001C    7800     F      30    MOV R0, #SECOND_MULT_RESULT_2
001E    36              31    ADDC A, @R0
001F    F5F0            32    MOV B, A
0021    7400            33    MOV A, #0
0023    3400            34    ADDC A, #0
0025    7800     F      35    MOV R0, #SUMM_3
0027    F6              36    MOV @R0, A
0028    E5F0            37    MOV A, B
002A    7800     F      38    MOV R0, #THIRD_MULT_RESULT_3
002C    36              39    ADDC A, @R0
002D    7800     F      40    MOV R0, #SUMM_4
002F    26              41    ADD A, @R0
0030    F6              42    MOV @R0, A
0031    7400            43    MOV A, #0
0033    3400            44    ADDC A, #0
0035    7800     F      45    MOV R0, #SUMM_3
0037    26              46    ADD A, @R0
0038    F6              47    MOV @R0, A
                        48    
                        49    ;— ¿À¿ƒ€¬¿≈Ã ◊≈“¬–“€… –¿«–ﬂƒ ◊»—À¿
0039    7800     F      50    MOV R0, #FIRST_MULT_RESULT_1 - 1
003B    E6              51    MOV A, @R0
003C    7800     F      52    MOV R0, #SECOND_MULT_RESULT_1
003E    36              53    ADDC A, @R0
003F    F5F0            54    MOV B, A
0041    7400            55    MOV A, #0
0043    3400            56    ADDC A, #0
0045    7800     F      57    MOV R0, #SUMM_2
0047    F6              58    MOV @R0, A
0048    E5F0            59    MOV A, B
004A    7800     F      60    MOV R0, #THIRD_MULT_RESULT_2
004C    36              61    ADDC A, @R0
004D    F5F0            62    MOV B, A
004F    7400            63    MOV A, #0
0051    3400            64    ADDC A, #0
0053    7800     F      65    MOV R0, #SUMM_2
0055    26              66    ADD A, @R0
0056    F6              67    MOV @R0, A
0057    E5F0            68    MOV A, B
0059    7800     F      69    MOV R0, #SUMM_3
005B    26              70    ADD A, @R0
005C    F6              71    MOV @R0, A
                        72    
                        73    ;— À¿ƒ€¬¿≈Ã œﬂ“€… –¿«–ﬂƒ ◊»—À¿
005D    7800     F      74    MOV R0, #SECOND_MULT_RESULT_1 - 1
005F    E6              75    MOV A, @R0
0060    7800     F      76    MOV R0, #THIRD_MULT_RESULT_1
0062    36              77    ADDC A, @R0
0063    F5F0            78    MOV B, A
0065    7400            79    MOV A, #0
0067    3400            80    ADDC A, #0
0069    7800     F      81    MOV R0, #SUMM_1
006B    F6              82    MOV @R0, A
006C    E5F0            83    MOV A, B
006E    7800     F      84    MOV R0, #SUMM_2
0070    26              85    ADD A, @R0
0071    F6              86    MOV @R0, A
                        87    
                        88    ;— À¿ƒ€¬¿≈Ã ÿ≈—“Œ… –¿«–ﬂƒ ◊»—À¿
0072    7800     F      89    MOV R0, #THIRD_MULT_RESULT_1 - 1
0074    E6              90    MOV A, @R0
0075    7800     F      91    MOV R0, #SUMM_1
0077    26              92    ADD A, @R0
0078    F6              93    MOV @R0, A
                        94    
0079    22              95    RET
                        96    END
MACRO ASSEMBLER SUMMATION                                   12/20/122 17:32:41 PAGE     2


SYMBOL TABLE LISTING
------ ----- -------


N A M E             T Y P E  V A L U E   ATTRIBUTES             REFERENCES

SUMM . . . . . . .  C ADDR   0003H   R  SEG=SUMMATION_ROUTINES  2 6 8# 
B. . . . . . . . .  D ADDR   00F0H   A                          32 37 54 59 62 68 
                                                                78 83 
THIRD_MULT_RESULT~  D ADDR   -----      EXT                     3# 76 89 
THIRD_MULT_RESULT~  D ADDR   -----      EXT                     3# 60 
SECOND_MULT_RESUL~  D ADDR   -----      EXT                     3# 52 74 
THIRD_MULT_RESULT~  D ADDR   -----      EXT                     3# 38 
SECOND_MULT_RESUL~  D ADDR   -----      EXT                     3# 30 
SECOND_MULT_RESUL~  D ADDR   -----      EXT                     3# 18 
SUMM_1 . . . . . .  D ADDR   -----      EXT                     3# 81 91 
SUMM_2 . . . . . .  D ADDR   -----      EXT                     3# 57 65 84 
SUMM_3 . . . . . .  D ADDR   -----      EXT                     3# 35 45 69 
SUMMATION_ROUTINES  C SEG    007AH      REL=UNIT                5# 
SUMM_4 . . . . . .  D ADDR   -----      EXT                     3# 24 40 
SUMM_5 . . . . . .  D ADDR   -----      EXT                     3# 20 
SUMM_6 . . . . . .  D ADDR   -----      EXT                     3# 12 
FIRST_MULT_RESULT~  D ADDR   -----      EXT                     3# 28 50 
FIRST_MULT_RESULT~  D ADDR   -----      EXT                     3# 16 
FIRST_MULT_RESULT~  D ADDR   -----      EXT                     3# 10 
SUMMATION. . . . .  N NUMB   -----



MODULE INFORMATION:   STATIC OVERLAYABLE
   CODE SIZE        =    122    ----
   XDATA SIZE       =   ----    ----
   DATA SIZE        =   ----    ----
   IDATA SIZE       =   ----    ----
   BIT SIZE         =   ----    ----
END OF MODULE INFORMATION.


REGISTER BANK(S) USED : 0 

ASSEMBLY COMPLETE.   0 WARNING(S)   0 ERROR(S)
